--------------------------------------------------------------------------
WARNING: There was an error initializing an OpenFabrics device.

  Local host:   n029
  Local device: mlx5_0
--------------------------------------------------------------------------
[n029:2058663] 11 more processes have sent help message help-mpi-btl-openib.txt / error in device init
[n029:2058663] Set MCA parameter "orte_base_help_aggregate" to 0 to see all help / error messages
--------------------------------------------------------------------------
WARNING: There was an error initializing an OpenFabrics device.

  Local host:   n029
  Local device: mlx5_0
--------------------------------------------------------------------------
[n029:2058722] 11 more processes have sent help message help-mpi-btl-openib.txt / error in device init
[n029:2058722] Set MCA parameter "orte_base_help_aggregate" to 0 to see all help / error messages
--------------------------------------------------------------------------
WARNING: There was an error initializing an OpenFabrics device.

  Local host:   n029
  Local device: mlx5_0
--------------------------------------------------------------------------
[n029:2062195] 11 more processes have sent help message help-mpi-btl-openib.txt / error in device init
[n029:2062195] Set MCA parameter "orte_base_help_aggregate" to 0 to see all help / error messages
--------------------------------------------------------------------------
WARNING: There was an error initializing an OpenFabrics device.

  Local host:   n029
  Local device: mlx5_0
--------------------------------------------------------------------------
[n029:2062510] 11 more processes have sent help message help-mpi-btl-openib.txt / error in device init
[n029:2062510] Set MCA parameter "orte_base_help_aggregate" to 0 to see all help / error messages
--------------------------------------------------------------------------
WARNING: There was an error initializing an OpenFabrics device.

  Local host:   n029
  Local device: mlx5_0
--------------------------------------------------------------------------
[n029:2062591] 11 more processes have sent help message help-mpi-btl-openib.txt / error in device init
[n029:2062591] Set MCA parameter "orte_base_help_aggregate" to 0 to see all help / error messages
--------------------------------------------------------------------------
WARNING: There was an error initializing an OpenFabrics device.

  Local host:   n029
  Local device: mlx5_0
--------------------------------------------------------------------------
[n029:2066020] 11 more processes have sent help message help-mpi-btl-openib.txt / error in device init
[n029:2066020] Set MCA parameter "orte_base_help_aggregate" to 0 to see all help / error messages
--------------------------------------------------------------------------
WARNING: There was an error initializing an OpenFabrics device.

  Local host:   n029
  Local device: mlx5_0
--------------------------------------------------------------------------
[n029:2572613] 11 more processes have sent help message help-mpi-btl-openib.txt / error in device init
[n029:2572613] Set MCA parameter "orte_base_help_aggregate" to 0 to see all help / error messages
--------------------------------------------------------------------------
WARNING: There was an error initializing an OpenFabrics device.

  Local host:   n029
  Local device: mlx5_0
--------------------------------------------------------------------------
[n029:2572668] 11 more processes have sent help message help-mpi-btl-openib.txt / error in device init
[n029:2572668] Set MCA parameter "orte_base_help_aggregate" to 0 to see all help / error messages
--------------------------------------------------------------------------
WARNING: There was an error initializing an OpenFabrics device.

  Local host:   n029
  Local device: mlx5_0
--------------------------------------------------------------------------
[n029:2572730] 11 more processes have sent help message help-mpi-btl-openib.txt / error in device init
[n029:2572730] Set MCA parameter "orte_base_help_aggregate" to 0 to see all help / error messages
--------------------------------------------------------------------------
WARNING: There was an error initializing an OpenFabrics device.

  Local host:   n029
  Local device: mlx5_0
--------------------------------------------------------------------------
[n029:2576681] 11 more processes have sent help message help-mpi-btl-openib.txt / error in device init
[n029:2576681] Set MCA parameter "orte_base_help_aggregate" to 0 to see all help / error messages
--------------------------------------------------------------------------
WARNING: There was an error initializing an OpenFabrics device.

  Local host:   n029
  Local device: mlx5_0
--------------------------------------------------------------------------
[n029:3007423] 11 more processes have sent help message help-mpi-btl-openib.txt / error in device init
[n029:3007423] Set MCA parameter "orte_base_help_aggregate" to 0 to see all help / error messages
