--------------------------------------------------------------------------
WARNING: There is at least non-excluded one OpenFabrics device found,
but there are no active ports detected (or Open MPI was unable to use
them).  This is most certainly not what you wanted.  Check your
cables, subnet manager configuration, etc.  The openib BTL will be
ignored for this job.

  Local host: n092
--------------------------------------------------------------------------
[n092:794928] 11 more processes have sent help message help-mpi-btl-openib.txt / no active ports found
[n092:794928] Set MCA parameter "orte_base_help_aggregate" to 0 to see all help / error messages
--------------------------------------------------------------------------
WARNING: There is at least non-excluded one OpenFabrics device found,
but there are no active ports detected (or Open MPI was unable to use
them).  This is most certainly not what you wanted.  Check your
cables, subnet manager configuration, etc.  The openib BTL will be
ignored for this job.

  Local host: n092
--------------------------------------------------------------------------
[n092:795088] 11 more processes have sent help message help-mpi-btl-openib.txt / no active ports found
[n092:795088] Set MCA parameter "orte_base_help_aggregate" to 0 to see all help / error messages
--------------------------------------------------------------------------
WARNING: There is at least non-excluded one OpenFabrics device found,
but there are no active ports detected (or Open MPI was unable to use
them).  This is most certainly not what you wanted.  Check your
cables, subnet manager configuration, etc.  The openib BTL will be
ignored for this job.

  Local host: n092
--------------------------------------------------------------------------
[n092:799336] 11 more processes have sent help message help-mpi-btl-openib.txt / no active ports found
[n092:799336] Set MCA parameter "orte_base_help_aggregate" to 0 to see all help / error messages
--------------------------------------------------------------------------
WARNING: There is at least non-excluded one OpenFabrics device found,
but there are no active ports detected (or Open MPI was unable to use
them).  This is most certainly not what you wanted.  Check your
cables, subnet manager configuration, etc.  The openib BTL will be
ignored for this job.

  Local host: n092
--------------------------------------------------------------------------
[n092:799488] 11 more processes have sent help message help-mpi-btl-openib.txt / no active ports found
[n092:799488] Set MCA parameter "orte_base_help_aggregate" to 0 to see all help / error messages
