--------------------------------------------------------------------------
WARNING: There is at least non-excluded one OpenFabrics device found,
but there are no active ports detected (or Open MPI was unable to use
them).  This is most certainly not what you wanted.  Check your
cables, subnet manager configuration, etc.  The openib BTL will be
ignored for this job.

  Local host: n062
--------------------------------------------------------------------------
[n062:1822751] 11 more processes have sent help message help-mpi-btl-openib.txt / no active ports found
[n062:1822751] Set MCA parameter "orte_base_help_aggregate" to 0 to see all help / error messages
--------------------------------------------------------------------------
WARNING: There is at least non-excluded one OpenFabrics device found,
but there are no active ports detected (or Open MPI was unable to use
them).  This is most certainly not what you wanted.  Check your
cables, subnet manager configuration, etc.  The openib BTL will be
ignored for this job.

  Local host: n062
--------------------------------------------------------------------------
--------------------------------------------------------------------------
WARNING: There was an error initializing an OpenFabrics device.

  Local host:   n062
  Local device: mlx5_0
--------------------------------------------------------------------------
[n062:1822803] 10 more processes have sent help message help-mpi-btl-openib.txt / no active ports found
[n062:1822803] Set MCA parameter "orte_base_help_aggregate" to 0 to see all help / error messages
--------------------------------------------------------------------------
WARNING: There is at least non-excluded one OpenFabrics device found,
but there are no active ports detected (or Open MPI was unable to use
them).  This is most certainly not what you wanted.  Check your
cables, subnet manager configuration, etc.  The openib BTL will be
ignored for this job.

  Local host: n062
--------------------------------------------------------------------------
[n062:1823303] 11 more processes have sent help message help-mpi-btl-openib.txt / no active ports found
[n062:1823303] Set MCA parameter "orte_base_help_aggregate" to 0 to see all help / error messages
--------------------------------------------------------------------------
WARNING: There is at least non-excluded one OpenFabrics device found,
but there are no active ports detected (or Open MPI was unable to use
them).  This is most certainly not what you wanted.  Check your
cables, subnet manager configuration, etc.  The openib BTL will be
ignored for this job.

  Local host: n062
--------------------------------------------------------------------------
[n062:1823360] 11 more processes have sent help message help-mpi-btl-openib.txt / no active ports found
[n062:1823360] Set MCA parameter "orte_base_help_aggregate" to 0 to see all help / error messages
--------------------------------------------------------------------------
WARNING: There is at least non-excluded one OpenFabrics device found,
but there are no active ports detected (or Open MPI was unable to use
them).  This is most certainly not what you wanted.  Check your
cables, subnet manager configuration, etc.  The openib BTL will be
ignored for this job.

  Local host: n062
--------------------------------------------------------------------------
--------------------------------------------------------------------------
WARNING: There was an error initializing an OpenFabrics device.

  Local host:   n062
  Local device: mlx5_0
--------------------------------------------------------------------------
[n062:1823422] 9 more processes have sent help message help-mpi-btl-openib.txt / no active ports found
[n062:1823422] Set MCA parameter "orte_base_help_aggregate" to 0 to see all help / error messages
[n062:1823422] 1 more process has sent help message help-mpi-btl-openib.txt / error in device init
--------------------------------------------------------------------------
WARNING: There is at least non-excluded one OpenFabrics device found,
but there are no active ports detected (or Open MPI was unable to use
them).  This is most certainly not what you wanted.  Check your
cables, subnet manager configuration, etc.  The openib BTL will be
ignored for this job.

  Local host: n062
--------------------------------------------------------------------------
[n062:1823955] 11 more processes have sent help message help-mpi-btl-openib.txt / no active ports found
[n062:1823955] Set MCA parameter "orte_base_help_aggregate" to 0 to see all help / error messages
--------------------------------------------------------------------------
WARNING: There is at least non-excluded one OpenFabrics device found,
but there are no active ports detected (or Open MPI was unable to use
them).  This is most certainly not what you wanted.  Check your
cables, subnet manager configuration, etc.  The openib BTL will be
ignored for this job.

  Local host: n062
--------------------------------------------------------------------------
[n062:1841750] 11 more processes have sent help message help-mpi-btl-openib.txt / no active ports found
[n062:1841750] Set MCA parameter "orte_base_help_aggregate" to 0 to see all help / error messages
--------------------------------------------------------------------------
WARNING: There is at least non-excluded one OpenFabrics device found,
but there are no active ports detected (or Open MPI was unable to use
them).  This is most certainly not what you wanted.  Check your
cables, subnet manager configuration, etc.  The openib BTL will be
ignored for this job.

  Local host: n062
--------------------------------------------------------------------------
[n062:1841813] 11 more processes have sent help message help-mpi-btl-openib.txt / no active ports found
[n062:1841813] Set MCA parameter "orte_base_help_aggregate" to 0 to see all help / error messages
--------------------------------------------------------------------------
WARNING: There is at least non-excluded one OpenFabrics device found,
but there are no active ports detected (or Open MPI was unable to use
them).  This is most certainly not what you wanted.  Check your
cables, subnet manager configuration, etc.  The openib BTL will be
ignored for this job.

  Local host: n062
--------------------------------------------------------------------------
--------------------------------------------------------------------------
WARNING: There was an error initializing an OpenFabrics device.

  Local host:   n062
  Local device: mlx5_0
--------------------------------------------------------------------------
[n062:1841866] 10 more processes have sent help message help-mpi-btl-openib.txt / no active ports found
[n062:1841866] Set MCA parameter "orte_base_help_aggregate" to 0 to see all help / error messages
--------------------------------------------------------------------------
WARNING: There is at least non-excluded one OpenFabrics device found,
but there are no active ports detected (or Open MPI was unable to use
them).  This is most certainly not what you wanted.  Check your
cables, subnet manager configuration, etc.  The openib BTL will be
ignored for this job.

  Local host: n062
--------------------------------------------------------------------------
[n062:1842545] 11 more processes have sent help message help-mpi-btl-openib.txt / no active ports found
[n062:1842545] Set MCA parameter "orte_base_help_aggregate" to 0 to see all help / error messages
--------------------------------------------------------------------------
WARNING: There is at least non-excluded one OpenFabrics device found,
but there are no active ports detected (or Open MPI was unable to use
them).  This is most certainly not what you wanted.  Check your
cables, subnet manager configuration, etc.  The openib BTL will be
ignored for this job.

  Local host: n062
--------------------------------------------------------------------------
[n062:1861159] 11 more processes have sent help message help-mpi-btl-openib.txt / no active ports found
[n062:1861159] Set MCA parameter "orte_base_help_aggregate" to 0 to see all help / error messages
