------------------------------------------------------------------------------
                           ORCA ORBITAL LOCALIZATION
------------------------------------------------------------------------------

Input orbitals are from                  ... Nickel_INT2_ROHF_HS.gbw
Output orbitals are to                   ... Nickel_INT2_ROHF_HS.loc
Max. number of iterations                ... 128
Localizations seeded randomly            ... on
Convergence tolerance                    ... 1.000e-06
Treshold for strong local MOs            ... 9.500e-01
Treshold for bond MOs                    ... 8.500e-01
Operator                                 ... 0
Orbital range for localization           ... 28 to 30
Localization criterion                   ... PIPEK-MEZEY
Warning: cannot retrieve the overlap matrix S
        ... Overlap was succesfully recalculated
Entering Jacobi type localization:
Using Cholesky decomposition as initial guess.
Initial value of the localization sum :     2.486274
ITERATION   0 : L=    2.4990614531 DL=  1.28e-02 (MAX-T)=   4.014 
ITERATION   1 : L=    2.4990614749 DL=  2.18e-08 (MAX-T)=   0.232 
ITERATION   2 : L=    2.4990614749 DL=  4.44e-16 (MAX-T)=   0.000 
LOCALIZATION SUM CONVERGED


--------------------------------------------------------------------------------
                    LOCALIZED MOLECULAR ORBITAL COMPOSITIONS
--------------------------------------------------------------------------------

The Mulliken populations for each LMO on each atom are computed
The LMO`s will be ordered according to atom index and type
  (A) Strongly localized MO`s have populations of >=0.950 on one atom
  (B) Two center bond orbitals have populations of >=0.850 on two atoms
  (C) Other MO`s are considered to be `delocalized`

FOUND  -   2 strongly local MO`s
       -   1 two center bond MO`s
       -   0 significantly delocalized MO`s

Rather strongly localized orbitals:
MO  29:   8Ni -   0.954924
MO  28:   8Ni -   0.973912
Bond-like localized orbitals:
MO  30:   8Ni -   0.186403  and   0C  -   0.775968
Localized MO's were stored in: Nickel_INT2_ROHF_HS.loc
