--------------------------------------------------------------------------
WARNING: There was an error initializing an OpenFabrics device.

  Local host:   n038
  Local device: mlx5_0
--------------------------------------------------------------------------
--------------------------------------------------------------------------
WARNING: There is at least non-excluded one OpenFabrics device found,
but there are no active ports detected (or Open MPI was unable to use
them).  This is most certainly not what you wanted.  Check your
cables, subnet manager configuration, etc.  The openib BTL will be
ignored for this job.

  Local host: n038
--------------------------------------------------------------------------
[n038:3898485] 9 more processes have sent help message help-mpi-btl-openib.txt / error in device init
[n038:3898485] Set MCA parameter "orte_base_help_aggregate" to 0 to see all help / error messages
[n038:3898485] 1 more process has sent help message help-mpi-btl-openib.txt / no active ports found
--------------------------------------------------------------------------
WARNING: There was an error initializing an OpenFabrics device.

  Local host:   n038
  Local device: mlx5_0
--------------------------------------------------------------------------
--------------------------------------------------------------------------
WARNING: There is at least non-excluded one OpenFabrics device found,
but there are no active ports detected (or Open MPI was unable to use
them).  This is most certainly not what you wanted.  Check your
cables, subnet manager configuration, etc.  The openib BTL will be
ignored for this job.

  Local host: n038
--------------------------------------------------------------------------
[n038:3898537] 9 more processes have sent help message help-mpi-btl-openib.txt / error in device init
[n038:3898537] Set MCA parameter "orte_base_help_aggregate" to 0 to see all help / error messages
[n038:3898537] 1 more process has sent help message help-mpi-btl-openib.txt / no active ports found
--------------------------------------------------------------------------
WARNING: There was an error initializing an OpenFabrics device.

  Local host:   n038
  Local device: mlx5_0
--------------------------------------------------------------------------
--------------------------------------------------------------------------
WARNING: There is at least non-excluded one OpenFabrics device found,
but there are no active ports detected (or Open MPI was unable to use
them).  This is most certainly not what you wanted.  Check your
cables, subnet manager configuration, etc.  The openib BTL will be
ignored for this job.

  Local host: n038
--------------------------------------------------------------------------
[n038:3898589] 9 more processes have sent help message help-mpi-btl-openib.txt / error in device init
[n038:3898589] Set MCA parameter "orte_base_help_aggregate" to 0 to see all help / error messages
[n038:3898589] 1 more process has sent help message help-mpi-btl-openib.txt / no active ports found
--------------------------------------------------------------------------
WARNING: There was an error initializing an OpenFabrics device.

  Local host:   n038
  Local device: mlx5_0
--------------------------------------------------------------------------
--------------------------------------------------------------------------
WARNING: There is at least non-excluded one OpenFabrics device found,
but there are no active ports detected (or Open MPI was unable to use
them).  This is most certainly not what you wanted.  Check your
cables, subnet manager configuration, etc.  The openib BTL will be
ignored for this job.

  Local host: n038
--------------------------------------------------------------------------
[n038:3898654] 9 more processes have sent help message help-mpi-btl-openib.txt / error in device init
[n038:3898654] Set MCA parameter "orte_base_help_aggregate" to 0 to see all help / error messages
[n038:3898654] 1 more process has sent help message help-mpi-btl-openib.txt / no active ports found
